1 223 package b

import "a"

type B1 struct /* comment */ { /* comment */
	a.A1
	x, y int
	_ float32  // padding
	F func()
}

type b2 struct {
	a.A1
}

type B3 interface {
}

type b4 interface {
}

x = "abøcd";
x = 'ø';
x = 'a';
 1 "Helvetica" 4 0 0 0 0 26214 0 32768 32768 32768 39321 0 0 40 7 1 10 FFF 0 2 4 1 10 FFF 0 1 6 1 10 FFF 0 2 1 1 10 FFF 0 1 3 1 10 FFF 0 4 2 1 10 FFF 0 1 4 1 10 FFF 0 2 4 1 10 FFF 0 1 6 1 10 FFF 0 2 1 1 10 FFF 0 1 13 1 10 FFF 0 3 3 1 10 FFF 0 1 13 1 10 FFF 0 3 13 1 10 FFF 0 1 3 1 10 FFF 0 2 4 1 10 FFF 0 1 7 1 10 FFF 0 2 2 1 10 FFF 0 1 11 1 10 FFF 0 3 3 1 10 FFF 0 1 4 1 10 FFF 0 2 6 1 10 FFF 0 1 4 1 10 FFF 0 2 4 1 10 FFF 0 1 6 1 10 FFF 0 2 12 1 10 FFF 0 1 4 1 10 FFF 0 2 4 1 10 FFF 0 1 9 1 10 FFF 0 2 6 1 10 FFF 0 1 4 1 10 FFF 0 2 4 1 10 FFF 0 1 9 1 10 FFF 0 2 10 1 10 FFF 0 1 7 1 10 FFF 0 4 6 1 10 FFF 0 1 3 1 10 FFF 0 4 6 1 10 FFF 0 1 3 1 10 FFF 0 4 2 1 10 FFF 0 1