1 1604 #!/usr/bin/tcl

# Prints contents of entire MIB

array set xlate_id [list]

source jvbl_util

x "y}
x "y\}
x " y " z " w " a }

$ x$y$f${}
$name([llength $cm_list])
{
# {xyz}} $abc

#
# Subroutines
#

proc print_all {cmts_addr cm_list} \
{
	print_one "CMTS" $cmts_addr

	for {set i 0} {$i < [llength $cm_list]} {incr i} \
		{
		puts ""
		puts "-------------------------------------------------------"
		puts ""
		print_one "CM" [lindex $cm_list $i]
		}
}

proc print_one {name ip} \
{
	global session

	set session [snmp session -address $ip]
	puts "$name: $ip"

	$session walk vbl 1 \
		{
		set vbl [lindex $vbl 0]
		puts "[get_name [lindex $vbl 0]]: [lindex $vbl 2]"
		}

	$session destroy
}

proc get_name {orig_id} \
{
	global xlate_id

	set id $orig_id
	set index ""
	while {1} \
		{
		if {[catch {set name $xlate_id($id)}] == 0} \
			{
			if ([string length $index] > 0) \
				{
				set name "${name}${index}"
				}
			return $name
			}

		set i [string last . $id]
		if {[string match *.0 $id]} \
			{
			set id [string range $id 0 [expr $i - 1]]
			set i  [string last . $id]
			}

		if {$i == -1} \
			{
			break;
			} \
		else \
			{
			set index "[string range $id ${i} ${} end]$index"
			set id [string range $id 0 [expr $i - 1]].0
			}
		}

	return $orig_id
}

#
# main
#

set cmts_addr 47.83.40.120
set cm_list   [list 47.83.40.121 47.83.40.122 47.83.40.123 47.83.40.124]

# Load config files
mib load mibs/mcnscm.mib
mib load mibs/mcnsif.mib
mib load mibs/lancityheader.mib
mib load mibs/lancity.mib

array set xlate_id [jvbl_read_mib_names mib_xlate]

print_all $cmts_addr $cm_list
}}}}}
 1 "Helvetica" 6 0 0 0 0 0 65535 0 26214 0 32768 32768 32768 39321 0 0 65535 0 0 235 15 1 10 FFF 0 4 1 1 10 FFF 0 1 32 1 10 FFF 0 4 1 1 10 FFF 0 1 5 1 10 FFF 0 3 1 1 10 FFF 0 1 3 1 10 FFF 0 3 11 1 10 FFF 0 1 4 1 10 FFF 0 3 3 1 10 FFF 0 1 6 1 10 FFF 0 3 14 1 10 FFF 0 1 2 1 10 FFF 0 6 4 1 10 FFF 0 1 3 1 10 FFF 0 6 4 1 10 FFF 0 1 5 1 10 FFF 0 5 3 1 10 FFF 0 1 5 1 10 FFF 0 5 9 1 10 FFF 0 1 4 1 10 FFF 0 2 3 1 10 FFF 0 6 1 1 10 FFF 0 1 5 1 10 FFF 0 2 2 1 10 FFF 0 1 7 1 10 FFF 0 3 1 1 10 FFF 0 1 8 1 10 FFF 0 2 5 1 10 FFF 0 1 7 1 10 FFF 0 4 2 1 10 FFF 0 1 4 1 10 FFF 0 2 2 1 10 FFF 0 1 18 1 10 FFF 0 4 1 1 10 FFF 0 1 4 1 10 FFF 0 3 46 1 10 FFF 0 1 6 1 10 FFF 0 5 1 1 10 FFF 0 1 10 1 10 FFF 0 2 3 1 10 FFF 0 1 3 1 10 FFF 0 3 2 1 10 FFF 0 1 3 1 10 FFF 0 3 7 1 10 FFF 0 1 2 1 10 FFF 0 2 4 1 10 FFF 0 1 7 1 10 FFF 0 3 1 1 10 FFF 0 1 8 1 10 FFF 0 2 4 1 10 FFF 0 1 4 1 10 FFF 0 3 12 1 10 FFF 0 1 4 1 10 FFF 0 3 1 1 10 FFF 0 1 2 1 10 FFF 0 5 3 1 10 FFF 0 1 4 1 10 FFF 0 3 1 1 10 FFF 0 1 57 1 10 FFF 0 5 3 1 10 FFF 0 1 4 1 10 FFF 0 3 1 1 10 FFF 0 1 2 1 10 FFF 0 5 13 1 10 FFF 0 1 4 1 10 FFF 0 5 2 1 10 FFF 0 1 6 1 10 FFF 0 3 1 1 10 FFF 0 1 8 1 10 FFF 0 2 1 1 10 FFF 0 1 2 1 10 FFF 0 2 9 1 10 FFF 0 1 4 1 10 FFF 0 3 26 1 10 FFF 0 1 6 1 10 FFF 0 3 11 1 10 FFF 0 1 3 1 10 FFF 0 3 32 1 10 FFF 0 1 3 1 10 FFF 0 2 3 1 10 FFF 0 1 4 1 10 FFF 0 3 1 1 10 FFF 0 1 1 1 10 FFF 0 5 5 1 10 FFF 1 5 2 1 10 FFF 0 5 3 1 10 FFF 1 5 1 1 10 FFF 0 5 3 1 10 FFF 0 1 8 1 10 FFF 0 2 20 1 10 FFF 0 1 3 1 10 FFF 0 3 6 1 10 FFF 0 1 6 1 10 FFF 0 3 1 1 10 FFF 0 1 4 1 10 FFF 0 2 6 1 10 FFF 0 1 4 1 10 FFF 0 3 1 1 10 FFF 0 1 19 1 10 FFF 0 5 4 1 10 FFF 1 5 14 1 10 FFF 0 5 4 1 10 FFF 1 5 4 1 10 FFF 0 5 7 1 10 FFF 0 1 8 1 10 FFF 0 2 1 1 10 FFF 0 1 7 1 10 FFF 0 3 4 1 10 FFF 0 1 4 1 10 FFF 0 3 25 1 10 FFF 0 1 6 1 10 FFF 0 3 12 1 10 FFF 0 1 3 1 10 FFF 0 3 4 1 10 FFF 0 1 8 1 10 FFF 0 2 2 1 10 FFF 0 1 3 1 10 FFF 0 3 7 1 10 FFF 0 1 2 1 10 FFF 0 5 2 1 10 FFF 0 1 5 1 10 FFF 0 3 13 1 10 FFF 0 1 2 1 10 FFF 0 3 3 1 10 FFF 0 1 5 1 10 FFF 0 3 2 1 10 FFF 0 1 3 1 10 FFF 0 3 6 1 10 FFF 0 1 9 1 10 FFF 0 2 1 1 10 FFF 0 1 3 1 10 FFF 0 2 20 1 10 FFF 0 1 2 1 10 FFF 0 3 3 1 10 FFF 0 1 6 1 10 FFF 0 3 8 1 10 FFF 0 1 6 1 10 FFF 0 2 19 1 10 FFF 0 1 3 1 10 FFF 0 3 6 1 10 FFF 0 1 1 1 10 FFF 0 5 15 1 10 FFF 1 5 1 1 10 FFF 0 5 10 1 10 FFF 0 1 6 1 10 FFF 0 3 1 1 10 FFF 0 1 5 1 10 FFF 0 2 9 1 10 FFF 0 1 3 1 10 FFF 0 3 4 1 10 FFF 0 1 6 1 10 FFF 0 3 8 1 10 FFF 0 1 3 1 10 FFF 0 2 4 1 10 FFF 0 1 2 1 10 FFF 0 3 3 1 10 FFF 0 1 6 1 10 FFF 0 3 11 1 10 FFF 0 1 3 1 10 FFF 0 2 13 1 10 FFF 0 1 3 1 10 FFF 0 3 5 1 10 FFF 0 1 6 1 10 FFF 0 3 7 1 10 FFF 0 1 3 1 10 FFF 0 2 4 1 10 FFF 0 1 4 1 10 FFF 0 3 1 1 10 FFF 0 1 2 1 10 FFF 0 2 10 1 10 FFF 0 1 3 1 10 FFF 0 3 5 1 10 FFF 0 1 6 1 10 FFF 0 3 8 1 10 FFF 0 1 3 1 10 FFF 0 2 10 1 10 FFF 0 1 2 1 10 FFF 0 3 2 1 10 FFF 0 1 2 1 10 FFF 0 2 18 1 10 FFF 0 1 5 1 10 FFF 0 3 26 1 10 FFF 0 1 3 1 10 FFF 0 3 7 1 10 FFF 0 1 15 1 10 FFF 0 5 3 1 10 FFF 1 5 1 1 10 FFF 0 5 4 1 10 FFF 1 5 1 1 10 FFF 0 5 3 1 10 FFF 1 6 5 1 10 FFF 0 5 6 1 10 FFF 1 5 1 1 10 FFF 0 5 4 1 10 FFF 0 1 3 1 10 FFF 0 3 5 1 10 FFF 0 1 6 1 10 FFF 0 3 7 1 10 FFF 0 1 3 1 10 FFF 0 2 4 1 10 FFF 0 1 4 1 10 FFF 0 3 1 1 10 FFF 0 1 2 1 10 FFF 0 2 20 1 10 FFF 0 1 6 1 10 FFF 0 3 1 1 10 FFF 0 1 8 1 10 FFF 0 2 4 1 10 FFF 0 1 11 1 10 FFF 0 4 1 1 10 FFF 0 1 3 1 10 FFF 0 3 24 1 10 FFF 0 1 3 1 10 FFF 0 3 12 1 10 FFF 0 1 4 1 10 FFF 0 3 55 1 10 FFF 0 1 20 1 10 FFF 0 4 4 1 10 FFF 0 1 4 1 10 FFF 0 3 21 1 10 FFF 0 1 4 1 10 FFF 0 3 21 1 10 FFF 0 1 4 1 10 FFF 0 3 28 1 10 FFF 0 1 4 1 10 FFF 0 3 19 1 10 FFF 0 1 5 1 10 FFF 0 3 1 1 10 FFF 0 1 3 1 10 FFF 0 3 53 1 10 FFF 0 1 10 1 10 FFF 0 2 1 1 10 FFF 0 1 8 1 10 FFF 0 2 7 1 10 FFF 0 1