1 180 (async function(){
"use \" strict";

/* test */

/**
 @author wxyz
 */

const s = `/${foo}/${bar}/${flag ? 'true': 'false'}/${}`;

// test

let Ï€ = /x\/[/]+bc/;
'foo \'bar'

})();
 1 "Helvetica" 6 0 0 0 0 26214 0 32768 32768 32768 39321 0 0 65535 0 0 65535 0 39321 33 1 1 10 FFF 0 1 5 1 10 FFF 0 2 1 1 10 FFF 0 1 8 1 10 FFF 0 2 4 1 10 FFF 0 1 15 1 10 FFF 0 4 3 1 10 FFF 0 1 10 1 10 FFF 0 3 2 1 10 FFF 0 1 5 1 10 FFF 0 3 7 1 10 FFF 1 1 9 1 10 FFF 0 3 2 1 10 FFF 0 1 5 1 10 FFF 0 2 5 1 10 FFF 0 1 2 1 10 FFF 0 6 6 1 10 FFF 1 6 1 1 10 FFF 0 6 6 1 10 FFF 1 6 1 1 10 FFF 0 6 25 1 10 FFF 1 6 1 1 10 FFF 0 6 3 1 10 FFF 1 5 1 1 10 FFF 0 6 3 1 10 FFF 0 1 8 1 10 FFF 0 3 1 1 10 FFF 0 1 3 1 10 FFF 0 2 5 1 10 FFF 0 1 11 1 10 FFF 0 2 2 1 10 FFF 0 1 11 1 10 FFF 0 4 8 1 10 FFF 0 1