1 289 #!/bin/csh

echo ${}
echo $14
echo ar$x
echo ar${x}
cat <<ar\$x

x=`cat ~/${foo}`
echo $x

${A[$i]}
echo "x${A[$i]}i"

 $* $ $$ $@ $% $3 \$4 ${039823#abc} ${#xyz} ${} ${xy+z}
"$* $ $$ $@ $% $3 \$4 ${039823#abc} ${#xyz} ${} ${xy+z}"
'$* $ $$ $@ $% $3 \$4 ${039823#abc} ${#xyz} ${} ${xy+z}'
 1 "Helvetica" 8 0 0 0 0 0 65535 0 26214 0 32768 32768 32768 39321 0 0 39321 26214 0 65535 0 0 65535 0 39321 61 11 1 10 FFF 0 4 1 1 10 FFF 0 1 4 1 10 FFF 0 3 1 1 10 FFF 0 1 3 1 10 FFF 0 7 1 1 10 FFF 0 1 4 1 10 FFF 0 3 1 1 10 FFF 0 1 3 1 10 FFF 0 2 1 1 10 FFF 0 1 4 1 10 FFF 0 3 3 1 10 FFF 0 1 2 1 10 FFF 0 2 1 1 10 FFF 0 1 4 1 10 FFF 0 3 3 1 10 FFF 0 1 4 1 10 FFF 0 2 16 1 10 FFF 0 1 7 1 10 FFF 0 8 6 1 10 FFF 1 8 1 1 10 FFF 0 8 1 1 10 FFF 0 1 4 1 10 FFF 0 3 1 1 10 FFF 0 1 2 1 10 FFF 0 2 2 1 10 FFF 0 1 6 1 10 FFF 0 2 3 1 10 FFF 0 1 4 1 10 FFF 0 3 1 1 10 FFF 0 1 2 1 10 FFF 0 5 6 1 10 FFF 1 5 4 1 10 FFF 0 5 3 1 10 FFF 0 1 2 1 10 FFF 0 2 3 1 10 FFF 0 1 2 1 10 FFF 0 2 7 1 10 FFF 0 1 2 1 10 FFF 0 2 5 1 10 FFF 0 1 2 1 10 FFF 0 7 6 1 10 FFF 0 1 26 1 10 FFF 0 4 1 1 10 FFF 0 5 2 1 10 FFF 1 5 3 1 10 FFF 0 5 2 1 10 FFF 1 5 7 1 10 FFF 0 5 2 1 10 FFF 1 5 5 1 10 FFF 0 5 2 1 10 FFF 1 7 12 1 10 FFF 0 5 7 1 10 FFF 1 5 1 1 10 FFF 0 5 3 1 10 FFF 1 7 1 1 10 FFF 0 5 2 1 10 FFF 1 7 6 1 10 FFF 0 5 1 1 10 FFF 0 1 56 1 10 FFF 0 6 1 1 10 FFF 0 1