1 100 x = "ab%"%
	%xy";

y = 2_000_000;
z = 200_000_000.000_000e+2_000
-- my comment
-- lksjdf
@abc
5 * 3
 1 "Helvetica" 3 0 0 0 32768 32768 32768 39321 0 0 5 4 1 10 FFF 0 1 12 1 10 FFF 0 3 49 1 10 FFF 0 1 24 1 10 FFF 0 2 11 1 10 FFF 0 1