1 194 for (class=0; ; )
	{
	}
// nothing

/**/
abc = 3.h7
0xg98

/* a comment */
/** a doc comment @author John Lindal @deprecated @param foo */
// a comment
c = 035 + "\x9802";
s = "abcd";
goto abc;
 1 "Helvetica" 5 0 0 0 0 26214 0 32768 32768 32768 39321 0 0 65535 0 0 26 3 1 10 FFF 0 2 2 1 10 FFF 0 1 5 1 10 FFF 0 2 14 1 10 FFF 0 1 11 1 10 FFF 0 3 1 1 10 FFF 0 1 4 1 10 FFF 0 3 19 1 10 FFF 0 1 15 1 10 FFF 0 3 1 1 10 FFF 0 1 18 1 10 FFF 0 3 7 1 10 FFF 1 1 13 1 10 FFF 0 3 11 1 10 FFF 1 1 1 1 10 FFF 0 3 6 1 10 FFF 1 1 7 1 10 FFF 0 3 1 1 10 FFF 0 1 13 1 10 FFF 0 3 10 1 10 FFF 0 1 8 1 10 FFF 0 4 6 1 10 FFF 0 1 6 1 10 FFF 0 4 2 1 10 FFF 0 1 4 1 10 TFF 0 5 6 1 10 FFF 0 1