1 354 #if false	// comment
abc
#endif

#if true
	for (@class=0; ; )
		{
		}
// nothing
 #elif false /* comment */
abc
	# if abc
	123
	# elif defined xyz
	456
	# endif
# endif

foreach (@class in )
	{
	}
/**/
$abc = 3.h7
0xg98

/* a comment */
/** a doc comment */
// a comment
/// a doc comment
c = 035 + '\x9802';
s = "abcd";
goto abc;

#define ABC \
alkjsdf
 1 "Helvetica" 6 0 0 0 0 0 65535 0 26214 0 32768 32768 32768 39321 0 0 65535 0 0 30 32 1 10 FFF 0 4 1 1 10 FFF 0 1 9 1 10 FFF 0 2 1 1 10 FFF 0 1 3 1 10 FFF 0 3 24 1 10 FFF 0 1 99 1 10 FFF 0 4 1 1 10 FFF 0 1 7 1 10 FFF 0 3 9 1 10 FFF 0 1 2 1 10 FFF 0 3 9 1 10 FFF 0 1 4 1 10 FFF 0 4 1 1 10 FFF 0 1 1 1 10 FFF 0 6 18 1 10 FFF 0 1 15 1 10 FFF 0 4 1 1 10 FFF 0 1 20 1 10 FFF 0 4 1 1 10 FFF 0 1 31 1 10 FFF 0 4 10 1 10 FFF 0 1 8 1 10 FFF 0 5 6 1 10 FFF 0 1 6 1 10 FFF 0 5 2 1 10 FFF 0 1 4 1 10 TFF 0 6 7 1 10 FFF 0 1 14 1 10 FFF 0 2 8 1 10 FFF 0 1