1 568 CREATE TABLE `TIER` (
  TIER_ID bigint NOT NULL AUTO_INCREMENT,
  TIER_NAME varchar(48) NOT NULL,

  CREATE_USER_ID varchar(20) NOT NULL       DEFAULT 'XXX',
  CREATE_DATE datetime NOT NULL             DEFAULT CURRENT_TIMESTAMP,
  UPDATE_USER_ID varchar(20) NOT NULL       DEFAULT 'XXX',
  UPDATE_DATE datetime NOT NULL             DEFAULT CURRENT_TIMESTAMP /* ON UPDATE CURRENT_TIMESTAMP */,
  PRIMARY KEY (TIER_ID),
  UNIQUE KEY (TIER_NAME)
);

-- comment

INSERT INTO `TIER` (TIER_ID, TIER_NAME) VALUES
(1, 'TIER_1'),
(2, 'TIER_2'),
(3, "TIER_3");

# MySQL comment
 1 "Helvetica" 6 0 0 0 32768 32768 32768 39321 0 0 39321 26214 0 65535 0 0 65535 0 39321 32 13 1 10 FFF 0 1 6 1 10 FFF 0 6 13 1 10 FFF 0 1 6 1 10 FFF 0 5 38 1 10 FFF 0 1 7 1 10 FFF 0 5 33 1 10 FFF 0 1 7 1 10 FFF 0 5 28 1 10 FFF 0 1 5 1 10 FFF 0 4 16 1 10 FFF 0 1 8 1 10 FFF 0 5 66 1 10 FFF 0 1 7 1 10 FFF 0 5 28 1 10 FFF 0 1 5 1 10 FFF 0 4 16 1 10 FFF 0 1 8 1 10 FFF 0 5 48 1 10 FFF 0 1 33 1 10 FFF 0 2 56 1 10 FFF 0 1 11 1 10 FFF 0 2 13 1 10 FFF 0 1 6 1 10 FFF 0 6 33 1 10 FFF 0 1 8 1 10 FFF 0 4 7 1 10 FFF 0 1 8 1 10 FFF 0 4 7 1 10 FFF 0 1 8 1 10 FFF 0 3 4 1 10 FFF 0 1 16 1 10 FFF 0 5