1 1521 <%@ page contentType="text/html; charset=UTF-8" %>
<%@ taglib uri="http://java.sun.com/jsp/jstl/core"
         prefix="c" %>
<%@ taglib uri="/functions" prefix="f" %>
<html>
<head><title>Localized Dates</title></head>
<body bgcolor="white">
<jsp:useBean id="locales" scope="application"
    class="mypkg.MyLocales"/>
<!-- test -->
<form name="localeForm" action="index.jsp" method="post">
<c:set var="selectedLocaleString" value="${param.locale}" />
<c:set var="selectedFlag"
     value="${!empty selectedLocaleString}" />
<b>Locale:</b>
<select name=locale>
<c:forEach var="localeString" items="${locales.localeNames}" >
<c:choose>
    <c:when test="${selectedFlag}">
        <c:choose>
            <c:when
                 test="${f:equals(selectedLocaleString, localeString)}" >
                <option selected>${localeString}</option>
            </c:when>
            <c:otherwise>
                <option>${localeString}</option>
            </c:otherwise>
        </c:choose>
    </c:when>
    <c:otherwise>
        <option>${localeString}</option>
    </c:otherwise>
</c:choose>
</c:forEach>
</select>
<input type="submit" name="Submit" value="Get Date">
</form>

<c:if test="${selectedFlag}" >
    <jsp:setProperty name="locales"
        property="selectedLocaleString"
        value="${selectedLocaleString}" />
    <jsp:useBean id="date" class="mypkg.MyDate"/>
    <jsp:setProperty name="date" property="locale"
        value="${locales.selectedLocale}"/>
    <b>Date: </b>${date.date}</c:if>
</body>
</html>
 1 "Helvetica" 6 0 0 0 0 0 65535 0 26214 0 32768 32768 32768 39321 0 0 65535 39321 0 118 3 1 10 TFF 0 3 1 1 10 FFF 0 1 4 1 10 FFF 0 3 1 1 10 FFF 0 1 11 1 10 FFF 0 3 1 1 10 FFF 0 1 26 1 10 FFF 0 5 1 1 10 FFF 0 1 2 1 10 TFF 0 3 1 1 10 FFF 0 1 3 1 10 TFF 0 3 1 1 10 FFF 0 1 6 1 10 FFF 0 3 5 1 10 FFF 0 1 35 1 10 FFF 0 5 17 1 10 FFF 0 1 3 1 10 FFF 0 5 1 1 10 FFF 0 1 2 1 10 TFF 0 3 1 1 10 FFF 0 1 3 1 10 TFF 0 3 1 1 10 FFF 0 1 6 1 10 FFF 0 3 5 1 10 FFF 0 1 12 1 10 FFF 0 5 8 1 10 FFF 0 1 3 1 10 FFF 0 5 1 1 10 FFF 0 1 2 1 10 TFF 0 3 1 1 10 FFF 0 1 6 1 10 FFF 0 2 1 1 10 FFF 0 1 13 1 10 FFF 0 2 15 1 10 FFF 0 1 15 1 10 FFF 0 2 1 1 10 FFF 0 1 22 1 10 FFF 0 2 1 1 10 FFF 0 1 75 1 10 FFF 0 2 1 1 10 FFF 0 1 13 1 10 FFF 0 4 1 1 10 FFF 0 1 57 1 10 FFF 0 2 1 1 10 FFF 0 1 60 1 10 FFF 0 6 1 1 10 FFF 0 1 72 1 10 FFF 0 6 1 1 10 FFF 0 1 3 1 10 FFF 0 2 7 1 10 FFF 0 1 4 1 10 FFF 0 2 1 1 10 FFF 0 1 20 1 10 FFF 0 2 1 1 10 FFF 0 1 62 1 10 FFF 0 2 1 1 10 FFF 0 1 10 1 10 FFF 0 2 5 1 10 FFF 0 1 31 1 10 FFF 0 2 9 1 10 FFF 0 1 10 1 10 FFF 0 2 13 1 10 FFF 0 1 81 1 10 FFF 0 2 17 1 10 FFF 0 1 17 1 10 FFF 0 2 15 1 10 FFF 0 1 9 1 10 FFF 0 2 13 1 10 FFF 0 1 9 1 10 FFF 0 2 13 1 10 FFF 0 1 13 1 10 FFF 0 2 17 1 10 FFF 0 1 8 1 10 FFF 0 2 15 1 10 FFF 0 1 9 1 10 FFF 0 2 13 1 10 FFF 0 1 14 1 10 FFF 0 2 9 1 10 FFF 0 1 11 1 10 FFF 0 2 5 1 10 FFF 0 1 9 1 10 FFF 0 2 5 1 10 FFF 0 1 13 1 10 FFF 0 2 9 1 10 FFF 0 1 8 1 10 FFF 0 2 15 1 10 FFF 0 1 9 1 10 FFF 0 2 5 1 10 FFF 0 1 14 1 10 FFF 0 2 1 1 10 FFF 0 1 11 1 10 FFF 0 2 1 1 10 FFF 0 1 12 1 10 FFF 0 2 1 1 10 FFF 0 1 9 1 10 FFF 0 2 1 1 10 FFF 0 1 52 1 10 FFF 0 2 1 1 10 FFF 0 1 7 1 10 TFF 0 2 2 1 10 FFF 0 1 30 1 10 FFF 0 2 5 1 10 FFF 0 1 114 1 10 FFF 0 2 5 1 10 FFF 0 1 45 1 10 FFF 0 2 5 1 10 FFF 0 1 90 1 10 FFF 0 2 5 1 10 FFF 0 1 3 1 10 FFF 0 2 6 1 10 FFF 0 1 4 1 10 FFF 0 2 12 1 10 FFF 0 1 7 1 10 FFF 0 2 1 1 10 FFF 0 1 7 1 10 FFF 0 2 1 1 10 FFF 0 1 7 1 10 FFF 0 2 1 1 10 FFF 0 1