1 589 {{!< layouts/site }}

{{#contentFor "head"}}
<link rel="stylesheet" type="text/css" href="/css/foo.css" />
<link rel="stylesheet" type="text/css" href="/css/bar.css" />

<script src="/js/baz.js"></script>

<style>
.floater-controls { float:right; margin-right:10px; }
</style>
{{/contentFor}}

<div class="module">
	<div class="module-hd">
	</div>

	<div class="module-bd">
	</div>
</div>

<script>
(async function(){
"use \" strict";

/* test */

/**
 @author wxyz
 */

const s = `/${foo}/${bar}/${flag ? 'true': 'false'}/${}`;

// test

let x = /x\/[/]+bc/;
'foo \'bar'

})();
</script>
 1 "Helvetica" 7 0 0 0 0 0 65535 0 26214 0 32768 32768 32768 39321 0 0 65535 0 0 65535 0 39321 64 20 1 10 FFF 0 3 2 1 10 FFF 0 1 22 1 10 FFF 0 3 1 1 10 FFF 0 1 61 1 10 FFF 0 2 1 1 10 FFF 0 1 61 1 10 FFF 0 2 2 1 10 FFF 0 1 34 1 10 FFF 0 5 2 1 10 FFF 0 1 7 1 10 FFF 0 2 55 1 10 FFF 0 1 8 1 10 FFF 0 2 1 1 10 FFF 0 1 15 1 10 FFF 0 3 2 1 10 FFF 0 1 20 1 10 FFF 0 2 2 1 10 FFF 0 1 23 1 10 FFF 0 2 2 1 10 FFF 0 1 6 1 10 FFF 0 2 3 1 10 FFF 0 1 23 1 10 FFF 0 2 2 1 10 FFF 0 1 6 1 10 FFF 0 2 1 1 10 FFF 0 1 6 1 10 FFF 0 2 2 1 10 FFF 0 1 8 1 10 FFF 0 5 2 1 10 FFF 0 1 5 1 10 FFF 0 3 1 1 10 FFF 0 1 8 1 10 FFF 0 3 4 1 10 FFF 0 1 15 1 10 FFF 0 5 3 1 10 FFF 0 1 10 1 10 FFF 0 4 2 1 10 FFF 0 1 5 1 10 FFF 0 4 7 1 10 FFF 1 1 9 1 10 FFF 0 4 2 1 10 FFF 0 1 5 1 10 FFF 0 3 5 1 10 FFF 0 1 2 1 10 FFF 0 7 6 1 10 FFF 1 7 1 1 10 FFF 0 7 6 1 10 FFF 1 7 1 1 10 FFF 0 7 25 1 10 FFF 1 7 1 1 10 FFF 0 7 3 1 10 FFF 1 6 1 1 10 FFF 0 7 3 1 10 FFF 0 1 8 1 10 FFF 0 4 1 1 10 FFF 0 1 3 1 10 FFF 0 3 5 1 10 FFF 0 1 11 1 10 FFF 0 3 2 1 10 FFF 0 1 11 1 10 FFF 0 5 8 1 10 FFF 0 1 9 1 10 FFF 0 5 1 1 10 FFF 0 1