1 244 #include <stdio.h>

#if 0	// comment
abc
#endif

# if 1
// nothing
 #elif 0 /* comment */
abc
	# if abc
	123
	# elif defined xyz
	456
	# endif
# endif

int
main(int argc, char *argv[])
{
	printf("abcd\n");
	foo('\n', 'g', '\x1b');
	return 0;
}
 1 "Helvetica" 5 0 0 0 0 0 65535 0 26214 0 32768 32768 32768 39321 0 0 23 19 1 10 FFF 0 2 1 1 10 FFF 0 1 28 1 10 FFF 0 4 1 1 10 FFF 0 1 7 1 10 FFF 0 2 95 1 10 FFF 0 4 1 1 10 FFF 0 1 3 1 10 FFF 0 3 6 1 10 FFF 0 1 3 1 10 FFF 0 3 7 1 10 FFF 0 1 4 1 10 FFF 0 3 20 1 10 FFF 0 1 8 1 10 FFF 0 5 8 1 10 FFF 0 1 4 1 10 FFF 0 5 2 1 10 FFF 0 1 3 1 10 FFF 0 5 2 1 10 FFF 0 1 6 1 10 FFF 0 5 4 1 10 FFF 0 1 6 1 10 FFF 0 3 6 1 10 FFF 0 1